#-----------------------------------------------------------
# Vivado v2018.2 (64-bit)
# SW Build 2258646 on Thu Jun 14 20:03:12 MDT 2018
# IP Build 2256618 on Thu Jun 14 22:10:49 MDT 2018
# Start of session at: Sat Apr  6 01:12:41 2019
# Process ID: 10952
# Current directory: C:/Users/Admin/Documents/GitHub/EE2026_proj/Previous Build/4.4.19 Build 2 Dan/EE2026_project_old
# Command line: vivado.exe -gui_launcher_event rodinguilauncherevent16492 C:\Users\Admin\Documents\GitHub\EE2026_proj\Previous Build\4.4.19 Build 2 Dan\EE2026_project_old\EE2026_project_old.xpr
# Log file: C:/Users/Admin/Documents/GitHub/EE2026_proj/Previous Build/4.4.19 Build 2 Dan/EE2026_project_old/vivado.log
# Journal file: C:/Users/Admin/Documents/GitHub/EE2026_proj/Previous Build/4.4.19 Build 2 Dan/EE2026_project_old\vivado.jou
#-----------------------------------------------------------
start_gui
open_project {C:/Users/Admin/Documents/GitHub/EE2026_proj/Previous Build/4.4.19 Build 2 Dan/EE2026_project_old/EE2026_project_old.xpr}
update_compile_order -fileset sources_1
